[wall_open_phase2] 165 cells; code map 1583 types, 1113 Schmitt-printed types; jobs=8 budget 540s
[wall_open_phase2] 0 records present, 165 pending
  1497877268495988 ok       1.1s OPEN
  6797ab70c6015039 ok       1.6s OPEN
  4e9c9b076cfec323 ok       1.6s OPEN
  164d4bd63d82d0c3 ok       2.0s OPEN
  e0d18e5ea938d649 ok       2.1s OPEN
  086ac96faf390886 ok       2.1s OPEN
  7575121042ade3b3 ok       1.4s OPEN
  f654982d74d740f6 ok       4.0s OPEN
  49cedbdd58376fac ok       2.0s WALL
  c49077384aaebeb0 ok       1.9s OPEN
  2e8e49eb28497267 ok       3.2s OPEN
  59585d778cb3a7a4 ok       1.4s OPEN
  095ce61d28388c98 ok       1.6s OPEN
  9be0f2271a14b6a9 ok       1.5s OPEN
  4f6d3e68cbd9e729 ok       6.5s OPEN
  2d654c836f3731c6 ok       1.3s OPEN
  b0f80776885f3ae1 ok       1.3s OPEN
  5dc2479b9bc14edc ok       5.8s OPEN
  a348875c3f707895 ok       1.6s OPEN
  dcc38ea9177089b9 ok       1.4s OPEN
  3ebbca7ed2eda199 ok       6.3s OPEN
  5b86a254c715306c ok       2.2s OPEN
  f05f0b009e0929f6 ok       2.6s OPEN
  e1a38303b2378f17 ok       2.9s OPEN
  213c7a114d5a97a8 ok       8.1s OPEN
  9c0b7e0c29dfebb2 ok       2.5s OPEN
  e98412e7cb95aea2 ok       0.9s OPEN
  c82ebc15c49c1413 ok       3.5s OPEN
  a35623e347ef03b4 ok       1.7s OPEN
  f6f8b3050a1eef42 ok       3.7s OPEN
  646b518ccf3bd724 ok       2.2s OPEN
  ac4489d658eb445e ok       3.5s OPEN
  7a448bed1119dfad ok       3.2s OPEN
  d70e6901953070e7 ok       7.5s ONE-SIDED
  8cc8c5ab3cf36d8f ok       3.6s OPEN
  87c94384d7851cb2 ok       5.7s OPEN
  7e023be581e7c50a ok       3.3s ONE-SIDED
  f0b07b168368759b ok       0.7s OPEN
  c53bc05bc306c97d ok       5.2s OPEN
  6f4101f83371033d ok       2.8s OPEN
  d9ac68100a276dfe ok       3.1s OPEN
  56918d2cff883e22 ok       3.1s OPEN
  8d90c524c89922d9 ok       2.1s OPEN
  59b28b3a59c27092 ok       4.0s OPEN
  7e05ce00d8a7cbf6 ok       4.7s OPEN
  f429e996b3f455a6 ok       3.1s OPEN
  257b627a90b78038 ok       1.0s OPEN
  64203f15fcf6c09b ok       1.2s OPEN
  71d2c9953ca110b8 ok       4.2s ONE-SIDED
  9d4396ca0b08fc3c ok       2.6s OPEN
  07d543d89e2934f2 ok       2.6s OPEN
  d718e083bd23d2b1 ok       2.8s OPEN
  3ddc41389e6d484f ok       3.9s OPEN
  7b9cfe26fe4a9c4b ok       1.7s OPEN
  2081d7b9a734e4fe ok       4.7s OPEN
  ce3b42c8a4ceff6f ok       2.5s OPEN
  29bbba1adec778da ok       3.5s OPEN
  2b9726574a0a8bed ok       1.6s OPEN
  16025e0680843c36 ok       1.8s OPEN
  bff9b24ce78050f5 ok       1.2s OPEN
  66563d07a1110a25 ok       4.5s ONE-SIDED
  b2430fc4bea4e06d ok       2.4s OPEN
  f07d69523ef41b37 ok       3.1s WALL
  4db369a636f4396b ok       1.5s WALL
  d10bb4a25bbf4c80 ok       3.3s OPEN
  f14a8c4e7c5b3e3a ok       7.1s OPEN
  23594bd7053503aa ok       2.7s OPEN
  042c19cbfdc869cb ok       3.2s OPEN
  e198aac88f223892 ok       2.1s OPEN
  057255f61286b052 ok       2.6s OPEN
  e0bf1a48f096c10d ok       5.9s OPEN
  d07f950b8309de82 ok       2.7s OPEN
  a182e87006c7a00d ok       2.6s OPEN
  f5fbebffa76808d5 ok       4.0s WALL
  dd3fb07fe11d73d3 ok       2.6s OPEN
  36c92427e3d084dc ok       3.0s OPEN
  85244add8d1f2d55 ok       2.0s OPEN
  cbead3df2d2f1d0e ok       2.2s OPEN
  a46cbaad3c23e834 ok       4.2s OPEN
  2165f5c5260120de ok       2.7s OPEN
  437fbe758a6dd8e3 ok       2.9s OPEN
  bc59e5d778f60d1f ok       4.2s WALL
  36ec4ad2f530e145 ok       2.2s OPEN
  fcffad0da2b5b62f ok       2.5s OPEN
  30f2a1e483babf55 ok       2.6s OPEN
  322d5ff451e4101d ok       2.0s OPEN
  24a6b511067d37b2 ok       3.8s OPEN
  c0071756347c5a8a ok       1.2s OPEN
  7715c7010e513b71 ok       3.2s OPEN
  0b5d9beb0fc972f6 ok       3.3s OPEN
  34351050a4f29035 ok       2.5s OPEN
  847d2695a14ae424 ok       1.6s OPEN
  37aa18e6e10583be ok       5.3s OPEN
  505a4911e298c933 ok       8.4s OPEN
  d9bf7fb7a80eaa38 ok       5.8s OPEN
  af8b2135c913b13b ok       4.4s OPEN
  c3b4b14633c9d4d5 ok       3.4s OPEN
  9bc4922a7b574aa6 ok       6.1s WALL
  090dcafb7ce9cb08 ok       6.7s WALL
  7472d8ba000c8056 ok       1.8s WALL
  d0c5a15c25ab6413 ok       2.3s OPEN
  e19babba732f5fd4 ok       3.4s OPEN
  d770abfcee4deb90 ok       2.7s OPEN
  43e4e46001b4d8b9 ok       8.1s OPEN
  4a560e459032166a ok       2.5s OPEN
  5beb94b61eb66eb1 ok       3.7s WALL
  95934e84555dc2ea ok       3.7s WALL
  74a69fba4266de3b ok       9.4s OPEN
  0948aa6184f13a8a ok       3.5s OPEN
  d0ed9179c6947b5f ok       4.0s WALL
  272aefcd5e48ba49 ok       3.7s WALL
  a93f8fe7ecdc5851 ok       1.6s OPEN
  e598ffd8a1cac138 ok       1.8s OPEN
  4885ce1e70fa9713 ok       3.6s WALL
  3d6b109f392fda19 ok       2.4s OPEN
  466b12546dd936c3 ok       4.3s OPEN
  72bcd959be4ab7dd ok       1.8s OPEN
  2c121297dbaa80af ok       1.4s OPEN
  ab801b11bead62ef ok       3.7s OPEN
  aef8972953d53d20 ok       4.5s OPEN
  d176b8d859dd651a ok       3.2s OPEN
  542cbe76934b484b ok       1.6s OPEN
  60eb4282db04fca2 ok       4.6s ONE-SIDED
  75bbbcb4a37e70e8 ok       2.3s OPEN
  105e41c2798e6180 ok       2.5s WALL
  cff2d5fb5e0d4149 ok       1.1s OPEN
  f43b45fd6383b36b ok       6.6s ONE-SIDED
  0417061f8f56488e ok       2.0s WALL
  7e79f1c38b5516bf ok       2.6s WALL
  4b6055c7aa3d341b ok       3.5s WALL
  6de3dac5f334cfed ok       7.6s OPEN
  d7c638d7fa23127e ok       3.8s WALL
  5838282f46223111 ok       2.1s OPEN
  6cc34ed38aa354e1 ok       3.3s WALL
  9d0b36ad5caceb2e ok      10.6s WALL
  cda1d1c03659b67d ok       2.9s OPEN
  161b09808f4c1863 ok       2.5s WALL
  3a491fd6426d90b2 ok       2.5s OPEN
  4ff9d77aa9f8194a ok      11.5s ONE-SIDED
  27d463eac6cda5ea ok       1.9s OPEN
  919d30fd9021b5ee ok       2.1s WALL
  5b679d8b0a3147c3 ok       3.2s WALL
  fac4317d5a65b959 ok       4.3s OPEN
  6074c5fa5d2dffc5 ok       4.0s WALL
  d1f1121757598de0 ok       3.3s WALL
  c92eef8763d02d8a ok       7.8s WALL
  1ba26ab2c0999b93 ok       4.7s WALL
  457c20cf036ae496 ok       2.0s WALL
  c18a9b1cb2a5d168 ok       4.8s ONE-SIDED
  27dbb77012555d28 ok       5.5s OPEN
  b27ba8dbcbc2891a ok       4.1s ONE-SIDED
  75c9be976d704515 ok       1.6s WALL
  11a9fe078850b5cd ok       3.8s WALL
  5e68ffe7582a0657 ok       8.9s WALL
  f0e2036d295195b4 ok       1.5s WALL
  5f812747976b224a ok       5.1s OPEN
  fa9c370d30741970 ok       1.9s WALL
  c95a5fcf4d681568 ok       6.3s WALL
  487490cdf474e568 ok       5.1s WALL
  8463196a30c6643f ok       6.6s WALL
  f7bd7cd9eae6436b ok       8.3s WALL
  78e755ffdff3a2f5 ok       3.3s WALL
  34e5e7acce18b5cd ok       6.2s WALL
  67b1ede4b021a4fc ok       7.9s WALL
  400cba5c78326d1d ok      12.2s WALL
[wall_open_phase2] wrote <repo>/harness/phase2/WALL_OPEN_PHASE2.json (md5 6b257c551f6fb275dfabb03e992f57c2) and <repo>/harness/phase2/WALL_OPEN_PHASE2.md; regression PASS; crashes 0; stores unchanged True; 82s
