## R7 -- Schmitt's printed frequencies versus his printed grid-point counts (36 cubic groups)

| group | grid points printed | rows | sum of printed frequencies | shortfall | shortfall % | rows == digitization |
|---|---|---|---|---|---|---|
| IT(195) | 1,001,452,269 | 9 | 1,001,452,269 | 0 | 0.000% | yes |
| IT(196) | 1,001,452,269 | 5 | 754,268,881 | 247,183,388 | 24.682% | yes |
| IT(197) | 1,001,452,269 | 27 | 995,516,869 | 5,935,400 | 0.593% | yes |
| IT(198) | 1,000,677,997 | 18 | 1,000,677,997 | 0 | 0.000% | yes |
| IT(199) | 1,000,677,997 | 44 | 983,336,039 | 17,341,958 | 1.733% | yes |
| IT(200) | 1,001,452,269 | 7 | 992,615,065 | 8,837,204 | 0.882% | yes |
| IT(201) | 1,001,452,269 | 16 | 982,187,680 | 19,264,589 | 1.924% | yes |
| IT(202) | 1,001,452,269 | 8 | 611,734,438 | 389,717,831 | 38.915% | yes |
| IT(203) | 1,000,520,885 | 12 | 916,270,542 | 84,250,343 | 8.421% | yes |
| IT(204) | 1,001,452,269 | 21 | 842,609,590 | 158,842,679 | 15.861% | yes |
| IT(205) | 1,000,520,885 | 24 | 1,000,222,027 | 298,858 | 0.030% | yes |
| IT(206) | 1,000,677,997 | 72 | 837,910,948 | 162,767,049 | 16.266% | yes |
| IT(207) | 1,001,452,269 | 6 | 643,130,784 | 358,321,485 | 35.780% | yes |
| IT(208) | 1,001,452,269 | 27 | 1,001,452,266 | 3 | 0.000% | yes |
| IT(209) | 1,001,452,269 | 7 | 659,063,243 | 342,389,026 | 34.189% | yes |
| IT(210) | 1,000,520,885 | 18 | 469,047,465 | 531,473,420 | 53.120% | yes |
| IT(211) | 1,001,452,269 | 27 | 862,471,968 | 138,980,301 | 13.878% | yes |
| IT(212) (=213) | 1,000,964,383 | 105 | 1,000,964,383 | 0 | 0.000% | yes |
| IT(214) | 1,000,677,997 | 102 | 999,967,862 | 710,135 | 0.071% | yes |
| IT(215) | 1,001,452,269 | 8 | 1,001,452,268 | 1 | 0.000% | yes |
| IT(216) | 1,001,452,269 | 5 | 999,404,972 | 2,047,297 | 0.204% | yes |
| IT(217) | 1,001,452,269 | 20 | 1,001,452,267 | 2 | 0.000% | yes |
| IT(218) | 1,001,452,269 | 30 | 1,001,452,267 | 2 | 0.000% | yes |
| IT(219) | 1,001,452,269 | 8 | 933,258,294 | 68,193,975 | 6.810% | yes |
| IT(220) | 1,000,677,997 | 62 | 999,239,552 | 1,438,445 | 0.144% | yes |
| IT(221) | 1,001,452,269 | 5 | 1,001,452,268 | 1 | 0.000% | yes |
| IT(222) | 1,001,452,269 | 11 | 1,000,454,838 | 997,431 | 0.100% | yes |
| IT(223) | 1,001,452,269 | 20 | 1,001,452,267 | 2 | 0.000% | yes |
| IT(224) | 1,001,452,269 | 8 | 1,001,452,269 | 0 | 0.000% | yes |
| IT(225) | 1,001,452,269 | 6 | 1,001,452,269 | 0 | 0.000% | yes |
| IT(226) | 1,001,452,269 | 7 | 1,001,452,269 | 0 | 0.000% | yes |
| IT(227) | 1,000,520,885 | 11 | 1,000,520,885 | 0 | 0.000% | yes |
| IT(228) | 1,000,520,885 | 16 | 998,063,347 | 2,457,538 | 0.246% | yes |
| IT(229) | 1,001,452,269 | 16 | 1,001,452,269 | 0 | 0.000% | yes |
| IT(230) | 1,000,677,997 | 93 | 386,091,376 | 614,586,621 | 61.417% | yes |

Rows parsed: 986 counting IT(213) as a copy of IT(212) (the digitization has 986). Blocks whose f-vector sets differ from the digitization: none.
Groups with a shortfall (printed frequencies do not exhaust the printed grid): [196, 197, 199, 200, 201, 202, 203, 204, 205, 206, 207, 208, 209, 210, 211, 214, 215, 216, 217, 218, 219, 220, 221, 222, 223, 228, 230]; groups where they match exactly: 8 of 35.
IT(201): 19,264,589 of 1,001,452,269 grid points (1.92%) carry no printed f-vector. The Ordenhedron's type region, estimated in R5 at about half of a cube of side 1/12 about its generating point, is about 3% of the reduced domain R201 (volume 1/96) if that box is representative; the shortfall and that estimate are of the same order. Nothing more is inferred here.
