PHASE 2 tetragonal sweep — start (workers 12, budget 8400 s)
seeded 102 types from phase1_types.json (cubic store)
harvested 1476 Schmitt tetragonal rows over 68 groups; 56 distinct printed b-ratios; using non-grid b-ratios ['3497/1000', '4/5', '797/1000', '38/25', '7/5'] for P3 (cap 5)
pass menu complete: 68 tasks in 0s (store 102 types, quarantines 0)
menus: 5825 coarse orbits (special + general), 1014 line/fixed orbits new on the 1/24 grid, 4992 plane orbits at 1/24 skipped by design
  P1 #75 P4        eval=  650 types=  2 (tet 1, cubic 1) new=  1 quar=0 maxF= 7 [1s]
  P1 #76 P4_1      eval=   26 types=  8 (tet 6, cubic 2) new=  6 quar=0 maxF=22 [1s]
  P1 #77 P4_2      eval=  442 types=  5 (tet 2, cubic 3) new=  2 quar=0 maxF=14 [2s]
  P1 #78 P4_3      eval=   26 types=  8 (tet 6, cubic 2) new=  0 quar=0 maxF=22 [3s]
  P1 #79 I4        eval=  338 types=  6 (tet 3, cubic 3) new=  3 quar=0 maxF=14 [4s]
  P1 #80 I4_1      eval=  234 types= 13 (tet 12, cubic 1) new= 11 quar=0 maxF=20 [5s]
  P1 #81 P-4       eval=  468 types=  6 (tet 2, cubic 4) new=  0 quar=0 maxF=14 [6s]
  P1 #82 I-4       eval=  260 types= 10 (tet 6, cubic 4) new=  5 quar=0 maxF=16 [7s]
  P1 #83 P4/m      eval= 2015 types=  3 (tet 1, cubic 2) new=  0 quar=0 maxF= 7 [15s]
  P1 #84 P4_2/m    eval= 1911 types= 18 (tet 13, cubic 5) new=  8 quar=0 maxF=16 [24s]
  P1 #85 P4/n      eval=  377 types=  8 (tet 4, cubic 4) new=  1 quar=0 maxF=14 [25s]
  P1 #86 P4_2/n    eval=  273 types= 16 (tet 12, cubic 4) new=  9 quar=0 maxF=19 [26s]
  P1 #87 I4/m      eval= 1040 types= 20 (tet 15, cubic 5) new=  8 quar=0 maxF=14 [32s]
  P1 #88 I4_1/a    eval=  169 types= 28 (tet 24, cubic 4) new= 18 quar=0 maxF=20 [34s]
  P1 #89 P422      eval=  923 types=  4 (tet 2, cubic 2) new=  0 quar=0 maxF=13 [37s]
  P1 #90 P42_12    eval=  533 types=  8 (tet 4, cubic 4) new=  3 quar=0 maxF=15 [39s]
  P1 #91 P4_122    eval=  650 types= 23 (tet 20, cubic 3) new= 13 quar=0 maxF=20 [43s]
  P1 #92 P4_12_12  eval=  234 types= 27 (tet 24, cubic 3) new= 16 quar=0 maxF=22 [44s]
  P1 #93 P4_222    eval=  819 types= 17 (tet 12, cubic 5) new=  7 quar=0 maxF=21 [48s]
  P1 #94 P4_22_12  eval=  429 types= 17 (tet 13, cubic 4) new=  7 quar=0 maxF=18 [50s]
  P1 #95 P4_322    eval=  650 types= 21 (tet 18, cubic 3) new=  7 quar=0 maxF=21 [53s]
  P1 #96 P4_32_12  eval=  234 types= 23 (tet 20, cubic 3) new=  5 quar=0 maxF=22 [54s]
  P1 #97 I422      eval=  572 types= 18 (tet 13, cubic 5) new=  5 quar=0 maxF=18 [58s]
  P1 #98 I4_122    eval=  533 types= 45 (tet 39, cubic 6) new= 25 quar=0 maxF=26 [64s]
  P1 #99 P4mm      eval= 5018 types=  2 (tet 0, cubic 2) new=  0 quar=0 maxF= 6 [81s]
  P1 #100 P4bm      eval= 1898 types=  2 (tet 1, cubic 1) new=  0 quar=0 maxF= 7 [88s]
  P1 #101 P4_2cm    eval= 1794 types=  6 (tet 1, cubic 5) new=  0 quar=0 maxF=14 [96s]
  P1 #102 P4_2nm    eval= 1794 types=  9 (tet 4, cubic 5) new=  0 quar=0 maxF=14 [106s]
  P1 #103 P4cc      eval=  338 types=  3 (tet 2, cubic 1) new=  0 quar=0 maxF=13 [107s]
  P1 #104 P4nc      eval=  338 types=  5 (tet 2, cubic 3) new=  0 quar=0 maxF=15 [108s]
  P1 #105 P4_2mc    eval= 3354 types=  7 (tet 3, cubic 4) new=  0 quar=0 maxF=14 [121s]
  P1 #106 P4_2bc    eval=  234 types=  3 (tet 2, cubic 1) new=  0 quar=0 maxF=16 [122s]
  P1 #107 I4mm      eval= 2522 types= 10 (tet 3, cubic 7) new=  0 quar=0 maxF=14 [137s]
  P1 #108 I4cm      eval=  962 types=  5 (tet 4, cubic 1) new=  2 quar=0 maxF=13 [143s]
  P1 #109 I4_1md    eval= 1690 types= 16 (tet 14, cubic 2) new=  6 quar=0 maxF=20 [156s]
  P1 #110 I4_1cd    eval=  130 types= 11 (tet 8, cubic 3) new=  7 quar=0 maxF=19 [158s]
  P1 #111 P-42m     eval= 2197 types=  7 (tet 1, cubic 6) new=  0 quar=0 maxF=14 [167s]
  P1 #112 P-42c     eval=  637 types= 11 (tet 6, cubic 5) new=  2 quar=0 maxF=17 [170s]
  P1 #113 P-42_1m   eval= 1807 types= 10 (tet 5, cubic 5) new=  0 quar=0 maxF=14 [178s]
  P1 #114 P-42_1c   eval=  247 types= 13 (tet 8, cubic 5) new=  4 quar=0 maxF=18 [179s]
  P1 #115 P-4m2     eval= 3562 types=  9 (tet 3, cubic 6) new=  0 quar=0 maxF=14 [195s]
  P1 #116 P-4c2     eval=  442 types= 11 (tet 7, cubic 4) new=  6 quar=0 maxF=19 [197s]
  P1 #117 P-4b2     eval=  442 types=  4 (tet 3, cubic 1) new=  0 quar=0 maxF=16 [198s]
  P1 #118 P-4n2     eval=  442 types= 16 (tet 12, cubic 4) new=  4 quar=0 maxF=20 [200s]
  P1 #119 I-4m2     eval= 1898 types= 19 (tet 13, cubic 6) new=  3 quar=0 maxF=16 [213s]
  P1 #120 I-4c2     eval=  338 types=  7 (tet 6, cubic 1) new=  3 quar=0 maxF=19 [215s]
  P1 #121 I-42m     eval= 1118 types= 20 (tet 12, cubic 8) new=  3 quar=0 maxF=17 [223s]
  P1 #122 I-42d     eval=  351 types= 35 (tet 31, cubic 4) new= 16 quar=0 maxF=21 [226s]
  P1 #123 P4/mmm    eval= 3380 types=  2 (tet 0, cubic 2) new=  0 quar=0 maxF= 6 [243s]
  P1 #124 P4/mcc    eval= 1313 types=  6 (tet 4, cubic 2) new=  0 quar=0 maxF=13 [251s]
  P1 #125 P4/nbm    eval= 1261 types=  6 (tet 4, cubic 2) new=  0 quar=0 maxF=13 [259s]
  P1 #126 P4/nnc    eval=  494 types= 15 (tet 10, cubic 5) new=  2 quar=0 maxF=15 [262s]
  P1 #127 P4/mbm    eval= 1807 types=  3 (tet 1, cubic 2) new=  0 quar=0 maxF= 7 [272s]
  P1 #128 P4/mnc    eval= 1118 types= 19 (tet 14, cubic 5) new=  4 quar=0 maxF=15 [280s]
  P1 #129 P4/nmm    eval= 2626 types= 11 (tet 3, cubic 8) new=  0 quar=0 maxF=14 [295s]
  P1 #130 P4/ncc    eval=  299 types= 11 (tet 7, cubic 4) new=  3 quar=0 maxF=16 [297s]
  [checkpoint  phase2_types.json: 328 types, 60085 records, 1.6s]
  P1 #131 P4_2/mmc  eval= 2639 types= 14 (tet 8, cubic 6) new=  1 quar=0 maxF=14 [311s]
  P1 #132 P4_2/mcm  eval= 1950 types= 11 (tet 5, cubic 6) new=  0 quar=0 maxF=14 [322s]
  P1 #133 P4_2/nbc  eval=  442 types= 11 (tet 8, cubic 3) new=  5 quar=0 maxF=19 [325s]
  P1 #134 P4_2/nnm  eval= 1209 types= 26 (tet 18, cubic 8) new=  8 quar=0 maxF=19 [334s]
  P1 #135 P4_2/mbc  eval= 1066 types= 11 (tet 8, cubic 3) new=  2 quar=0 maxF=16 [343s]
  P1 #136 P4_2/mnm  eval= 1755 types= 19 (tet 12, cubic 7) new=  2 quar=0 maxF=14 [357s]
  P1 #137 P4_2/nmc  eval= 1807 types= 19 (tet 12, cubic 7) new=  5 quar=0 maxF=14 [375s]
  P1 #138 P4_2/ncm  eval= 1014 types= 22 (tet 17, cubic 5) new=  6 quar=0 maxF=17 [388s]
  P1 #139 I4/mmm    eval= 1755 types= 18 (tet 7, cubic 11) new=  0 quar=0 maxF=14 [421s]
  P1 #140 I4/mcm    eval= 1066 types= 12 (tet 10, cubic 2) new=  4 quar=0 maxF=13 [451s]
  P1 #141 I4_1/amd  eval= 1066 types= 61 (tet 55, cubic 6) new= 35 quar=0 maxF=23 [478s]
  P1 #142 I4_1/acd  eval=  299 types= 29 (tet 24, cubic 5) new= 18 quar=0 maxF=20 [484s]
pass P1 complete: 75725 tasks in 484s (store 413 types, quarantines 0)
  P2 #75 P4        eval=    3 types=  3 (tet 1, cubic 2) new=  1 quar=0 maxF= 7 [0s]
  P2 #76 P4_1      eval=   12 types= 16 (tet 12, cubic 4) new=  7 quar=0 maxF=24 [1s]
  P2 #78 P4_3      eval=   12 types= 16 (tet 12, cubic 4) new=  0 quar=0 maxF=24 [1s]
  P2 #77 P4_2      eval=    8 types=  9 (tet 5, cubic 4) new=  3 quar=0 maxF=16 [1s]
  P2 #79 I4        eval=   10 types= 10 (tet 6, cubic 4) new=  3 quar=0 maxF=14 [1s]
  P2 #80 I4_1      eval=   27 types= 33 (tet 31, cubic 2) new= 22 quar=1 maxF=26 [2s]
  P2 #81 P-4       eval=   16 types= 17 (tet 11, cubic 6) new=  2 quar=0 maxF=16 [2s]
  P2 #82 I-4       eval=   40 types= 43 (tet 36, cubic 7) new= 21 quar=0 maxF=23 [2s]
  P2 #83 P4/m      eval=    3 types=  3 (tet 1, cubic 2) new=  0 quar=0 maxF= 7 [2s]
  P2 #84 P4_2/m    eval=   25 types= 29 (tet 23, cubic 6) new= 14 quar=0 maxF=16 [2s]
  P2 #85 P4/n      eval=   13 types=  9 (tet 4, cubic 5) new=  1 quar=10 maxF=14 [3s]
  P2 #86 P4_2/n    eval=   36 types= 16 (tet 12, cubic 4) new=  9 quar=34 maxF=19 [3s]
  P2 #87 I4/m      eval=   23 types= 27 (tet 19, cubic 8) new= 10 quar=0 maxF=14 [3s]
  P2 #88 I4_1/a    eval=   52 types= 28 (tet 24, cubic 4) new= 18 quar=50 maxF=20 [5s]
  P2 #89 P422      eval=    5 types=  5 (tet 3, cubic 2) new=  1 quar=0 maxF=13 [5s]
  P2 #90 P42_12    eval=   14 types= 15 (tet 8, cubic 7) new=  3 quar=0 maxF=15 [5s]
  P2 #91 P4_122    eval=   84 types= 92 (tet 86, cubic 6) new= 69 quar=0 maxF=26 [8s]
  P2 #95 P4_322    eval=   84 types= 40 (tet 37, cubic 3) new=  9 quar=62 maxF=21 [8s]
  P2 #92 P4_12_12  eval=   69 types= 90 (tet 84, cubic 6) new= 64 quar=0 maxF=29 [11s]
  P2 #96 P4_32_12  eval=   69 types= 45 (tet 40, cubic 5) new=  6 quar=45 maxF=22 [11s]
  P2 #93 P4_222    eval=   32 types= 36 (tet 30, cubic 6) new= 17 quar=0 maxF=22 [11s]
  P2 #94 P4_22_12  eval=   42 types= 48 (tet 41, cubic 7) new= 19 quar=0 maxF=22 [12s]
  P2 #97 I422      eval=   35 types= 37 (tet 28, cubic 9) new= 15 quar=0 maxF=18 [13s]
  P2 #98 I4_122    eval=  130 types=161 (tet 155, cubic 6) new=129 quar=0 maxF=35 [19s]
  P2 #99 P4mm      eval=    2 types=  2 (tet 0, cubic 2) new=  0 quar=0 maxF= 6 [19s]
  P2 #100 P4bm      eval=    3 types=  3 (tet 1, cubic 2) new=  0 quar=0 maxF= 7 [19s]
  P2 #101 P4_2cm    eval=    6 types=  7 (tet 1, cubic 6) new=  0 quar=0 maxF=14 [19s]
  P2 #102 P4_2nm    eval=    8 types= 10 (tet 4, cubic 6) new=  0 quar=0 maxF=14 [19s]
  P2 #103 P4cc      eval=    4 types=  4 (tet 2, cubic 2) new=  0 quar=0 maxF=13 [19s]
  P2 #104 P4nc      eval=   10 types= 10 (tet 6, cubic 4) new=  0 quar=0 maxF=15 [19s]
  P2 #105 P4_2mc    eval=    5 types=  7 (tet 3, cubic 4) new=  0 quar=0 maxF=14 [19s]
  P2 #106 P4_2bc    eval=    7 types=  8 (tet 5, cubic 3) new=  0 quar=0 maxF=16 [19s]
  P2 #107 I4mm      eval=    8 types= 10 (tet 3, cubic 7) new=  0 quar=0 maxF=14 [19s]
  P2 #108 I4cm      eval=    6 types=  6 (tet 4, cubic 2) new=  2 quar=0 maxF=13 [19s]
  P2 #109 I4_1md    eval=   15 types= 19 (tet 17, cubic 2) new=  6 quar=0 maxF=20 [19s]
  P2 #110 I4_1cd    eval=   14 types= 20 (tet 15, cubic 5) new= 10 quar=1 maxF=22 [19s]
  P2 #111 P-42m     eval=    8 types=  8 (tet 2, cubic 6) new=  0 quar=0 maxF=14 [19s]
  P2 #112 P-42c     eval=   20 types= 23 (tet 16, cubic 7) new=  6 quar=0 maxF=17 [19s]
  P2 #113 P-42_1m   eval=   15 types= 15 (tet 7, cubic 8) new=  0 quar=0 maxF=14 [19s]
  P2 #114 P-42_1c   eval=   32 types= 36 (tet 28, cubic 8) new= 10 quar=0 maxF=20 [19s]
  P2 #115 P-4m2     eval=    8 types= 10 (tet 4, cubic 6) new=  0 quar=0 maxF=14 [19s]
  P2 #116 P-4c2     eval=   31 types= 33 (tet 27, cubic 6) new= 13 quar=0 maxF=21 [20s]
  P2 #117 P-4b2     eval=    8 types=  8 (tet 5, cubic 3) new=  0 quar=0 maxF=16 [20s]
  P2 #118 P-4n2     eval=   53 types= 57 (tet 50, cubic 7) new= 22 quar=0 maxF=24 [21s]
  P2 #119 I-4m2     eval=   22 types= 25 (tet 16, cubic 9) new=  4 quar=0 maxF=16 [21s]
  P2 #120 I-4c2     eval=   17 types= 17 (tet 14, cubic 3) new=  7 quar=0 maxF=19 [21s]
  P2 #121 I-42m     eval=   24 types= 28 (tet 16, cubic 12) new=  4 quar=0 maxF=17 [21s]
  P2 #122 I-42d     eval=  101 types=129 (tet 124, cubic 5) new= 85 quar=0 maxF=31 [25s]
  P2 #123 P4/mmm    eval=    2 types=  2 (tet 0, cubic 2) new=  0 quar=0 maxF= 6 [25s]
  P2 #124 P4/mcc    eval=    7 types=  7 (tet 5, cubic 2) new=  0 quar=0 maxF=13 [25s]
  P2 #125 P4/nbm    eval=    7 types=  6 (tet 4, cubic 2) new=  0 quar=4 maxF=13 [25s]
  P2 #126 P4/nnc    eval=   16 types= 16 (tet 10, cubic 6) new=  2 quar=15 maxF=15 [25s]
  P2 #127 P4/mbm    eval=    3 types=  3 (tet 1, cubic 2) new=  0 quar=0 maxF= 7 [25s]
  P2 #128 P4/mnc    eval=   21 types= 24 (tet 16, cubic 8) new=  6 quar=0 maxF=15 [25s]
  P2 #129 P4/nmm    eval=    7 types= 11 (tet 3, cubic 8) new=  0 quar=5 maxF=14 [25s]
  P2 #130 P4/ncc    eval=   21 types= 14 (tet 9, cubic 5) new=  4 quar=17 maxF=17 [25s]
  P2 #131 P4_2/mmc  eval=   11 types= 14 (tet 8, cubic 6) new=  1 quar=0 maxF=14 [25s]
  P2 #132 P4_2/mcm  eval=   12 types= 13 (tet 7, cubic 6) new=  0 quar=0 maxF=14 [25s]
  P2 #133 P4_2/nbc  eval=   20 types= 11 (tet 8, cubic 3) new=  5 quar=18 maxF=19 [26s]
  P2 #134 P4_2/nnm  eval=   31 types= 26 (tet 18, cubic 8) new=  8 quar=26 maxF=19 [26s]
  P2 #135 P4_2/mbc  eval=   16 types= 17 (tet 13, cubic 4) new=  3 quar=0 maxF=16 [27s]
  P2 #136 P4_2/mnm  eval=   19 types= 24 (tet 14, cubic 10) new=  3 quar=0 maxF=14 [27s]
  P2 #137 P4_2/nmc  eval=   16 types= 20 (tet 12, cubic 8) new=  5 quar=15 maxF=14 [27s]
  P2 #138 P4_2/ncm  eval=   19 types= 22 (tet 17, cubic 5) new=  6 quar=17 maxF=17 [27s]
  P2 #139 I4/mmm    eval=   14 types= 18 (tet 7, cubic 11) new=  0 quar=0 maxF=14 [27s]
  P2 #140 I4/mcm    eval=   11 types= 13 (tet 11, cubic 2) new=  5 quar=0 maxF=13 [28s]
  P2 #141 I4_1/amd  eval=   65 types= 62 (tet 56, cubic 6) new= 35 quar=60 maxF=23 [29s]
  P2 #142 I4_1/acd  eval=   52 types= 32 (tet 27, cubic 5) new= 20 quar=46 maxF=23 [31s]
pass P2 complete: 1641 tasks in 31s (store 817 types, quarantines 426)
Schmitt screen: {'reproduced': 1215, 'mismatch': 424, 'quarantined_other': 0}
  P3 #75 P4        eval=  250 types=  3 (tet 1, cubic 2) new=  1 quar=0 maxF= 7 [1s]
  P3 #76 P4_1      eval=   10 types= 18 (tet 14, cubic 4) new=  9 quar=0 maxF=24 [1s]
  P3 #77 P4_2      eval=  170 types=  9 (tet 5, cubic 4) new=  3 quar=0 maxF=16 [1s]
  P3 #78 P4_3      eval=   10 types= 18 (tet 14, cubic 4) new=  0 quar=0 maxF=24 [2s]
  P3 #79 I4        eval=  130 types= 10 (tet 6, cubic 4) new=  3 quar=0 maxF=14 [2s]
  P3 #80 I4_1      eval=   90 types= 35 (tet 33, cubic 2) new= 23 quar=1 maxF=26 [3s]
  P3 #81 P-4       eval=  180 types= 17 (tet 11, cubic 6) new=  2 quar=0 maxF=16 [4s]
  P3 #82 I-4       eval=  100 types= 43 (tet 36, cubic 7) new= 21 quar=0 maxF=23 [4s]
  P3 #83 P4/m      eval=  775 types=  3 (tet 1, cubic 2) new=  0 quar=0 maxF= 7 [8s]
  P3 #84 P4_2/m    eval=  735 types= 29 (tet 23, cubic 6) new= 14 quar=0 maxF=16 [12s]
  P3 #85 P4/n      eval=  145 types=  9 (tet 4, cubic 5) new=  1 quar=10 maxF=14 [13s]
  P3 #86 P4_2/n    eval=  105 types= 16 (tet 12, cubic 4) new=  9 quar=34 maxF=19 [13s]
  P3 #87 I4/m      eval=  400 types= 27 (tet 19, cubic 8) new= 10 quar=0 maxF=14 [16s]
  P3 #88 I4_1/a    eval=   65 types= 28 (tet 24, cubic 4) new= 18 quar=50 maxF=20 [17s]
  P3 #89 P422      eval=  355 types=  5 (tet 3, cubic 2) new=  1 quar=0 maxF=13 [18s]
  P3 #90 P42_12    eval=  205 types= 15 (tet 8, cubic 7) new=  3 quar=0 maxF=15 [18s]
  P3 #91 P4_122    eval=  250 types= 93 (tet 87, cubic 6) new= 70 quar=0 maxF=26 [20s]
  P3 #92 P4_12_12  eval=   90 types= 90 (tet 84, cubic 6) new= 64 quar=0 maxF=29 [21s]
  P3 #93 P4_222    eval=  315 types= 36 (tet 30, cubic 6) new= 17 quar=0 maxF=22 [22s]
  P3 #94 P4_22_12  eval=  165 types= 49 (tet 42, cubic 7) new= 20 quar=0 maxF=22 [23s]
  P3 #95 P4_322    eval=  250 types= 40 (tet 37, cubic 3) new=  9 quar=62 maxF=21 [24s]
  P3 #96 P4_32_12  eval=   90 types= 45 (tet 40, cubic 5) new=  6 quar=45 maxF=22 [25s]
  P3 #97 I422      eval=  220 types= 37 (tet 28, cubic 9) new= 15 quar=0 maxF=18 [26s]
  P3 #98 I4_122    eval=  205 types=161 (tet 155, cubic 6) new=129 quar=0 maxF=35 [29s]
  P3 #99 P4mm      eval= 1930 types=  2 (tet 0, cubic 2) new=  0 quar=0 maxF= 6 [34s]
  P3 #100 P4bm      eval=  730 types=  3 (tet 1, cubic 2) new=  0 quar=0 maxF= 7 [37s]
  P3 #101 P4_2cm    eval=  690 types=  7 (tet 1, cubic 6) new=  0 quar=0 maxF=14 [40s]
  P3 #102 P4_2nm    eval=  690 types= 10 (tet 4, cubic 6) new=  0 quar=0 maxF=14 [42s]
  P3 #103 P4cc      eval=  130 types=  4 (tet 2, cubic 2) new=  0 quar=0 maxF=13 [43s]
  P3 #104 P4nc      eval=  130 types= 10 (tet 6, cubic 4) new=  0 quar=0 maxF=15 [43s]
  P3 #105 P4_2mc    eval= 1290 types=  7 (tet 3, cubic 4) new=  0 quar=0 maxF=14 [48s]
  P3 #106 P4_2bc    eval=   90 types=  8 (tet 5, cubic 3) new=  0 quar=0 maxF=16 [48s]
  P3 #107 I4mm      eval=  970 types= 10 (tet 3, cubic 7) new=  0 quar=0 maxF=14 [53s]
  P3 #108 I4cm      eval=  370 types=  6 (tet 4, cubic 2) new=  2 quar=0 maxF=13 [55s]
  P3 #109 I4_1md    eval=  650 types= 19 (tet 17, cubic 2) new=  6 quar=0 maxF=20 [60s]
  P3 #110 I4_1cd    eval=   50 types= 20 (tet 15, cubic 5) new= 10 quar=1 maxF=22 [60s]
  P3 #111 P-42m     eval=  845 types=  8 (tet 2, cubic 6) new=  0 quar=0 maxF=14 [64s]
  P3 #112 P-42c     eval=  245 types= 23 (tet 16, cubic 7) new=  6 quar=0 maxF=17 [65s]
  P3 #113 P-42_1m   eval=  695 types= 15 (tet 7, cubic 8) new=  0 quar=0 maxF=14 [67s]
  P3 #114 P-42_1c   eval=   95 types= 36 (tet 28, cubic 8) new= 10 quar=0 maxF=20 [68s]
  P3 #115 P-4m2     eval= 1370 types= 10 (tet 4, cubic 6) new=  0 quar=0 maxF=14 [73s]
  P3 #116 P-4c2     eval=  170 types= 33 (tet 27, cubic 6) new= 13 quar=0 maxF=21 [74s]
  P3 #117 P-4b2     eval=  170 types=  8 (tet 5, cubic 3) new=  0 quar=0 maxF=16 [75s]
  P3 #118 P-4n2     eval=  170 types= 57 (tet 50, cubic 7) new= 22 quar=0 maxF=24 [75s]
  P3 #119 I-4m2     eval=  730 types= 25 (tet 16, cubic 9) new=  4 quar=0 maxF=16 [80s]
  P3 #120 I-4c2     eval=  130 types= 17 (tet 14, cubic 3) new=  7 quar=0 maxF=19 [81s]
  P3 #121 I-42m     eval=  430 types= 28 (tet 16, cubic 12) new=  4 quar=0 maxF=17 [83s]
  P3 #122 I-42d     eval=  135 types=129 (tet 124, cubic 5) new= 85 quar=0 maxF=31 [84s]
  [checkpoint  phase2_types.json: 822 types, 95955 records, 2.4s]
  P3 #123 P4/mmm    eval= 1300 types=  2 (tet 0, cubic 2) new=  0 quar=0 maxF= 6 [90s]
  P3 #124 P4/mcc    eval=  505 types=  7 (tet 5, cubic 2) new=  0 quar=0 maxF=13 [93s]
  P3 #125 P4/nbm    eval=  485 types=  6 (tet 4, cubic 2) new=  0 quar=4 maxF=13 [95s]
  P3 #126 P4/nnc    eval=  190 types= 16 (tet 10, cubic 6) new=  2 quar=15 maxF=15 [96s]
  P3 #127 P4/mbm    eval=  695 types=  3 (tet 1, cubic 2) new=  0 quar=0 maxF= 7 [100s]
  P3 #128 P4/mnc    eval=  430 types= 24 (tet 16, cubic 8) new=  6 quar=0 maxF=15 [102s]
  P3 #129 P4/nmm    eval= 1010 types= 11 (tet 3, cubic 8) new=  0 quar=5 maxF=14 [107s]
  P3 #130 P4/ncc    eval=  115 types= 14 (tet 9, cubic 5) new=  4 quar=17 maxF=17 [108s]
  P3 #131 P4_2/mmc  eval= 1015 types= 14 (tet 8, cubic 6) new=  1 quar=0 maxF=14 [113s]
  P3 #132 P4_2/mcm  eval=  750 types= 13 (tet 7, cubic 6) new=  0 quar=0 maxF=14 [117s]
  P3 #133 P4_2/nbc  eval=  170 types= 11 (tet 8, cubic 3) new=  5 quar=18 maxF=19 [118s]
  P3 #134 P4_2/nnm  eval=  465 types= 26 (tet 18, cubic 8) new=  8 quar=26 maxF=19 [120s]
  P3 #135 P4_2/mbc  eval=  410 types= 17 (tet 13, cubic 4) new=  3 quar=0 maxF=16 [123s]
  P3 #136 P4_2/mnm  eval=  675 types= 24 (tet 14, cubic 10) new=  3 quar=0 maxF=14 [127s]
  P3 #137 P4_2/nmc  eval=  695 types= 20 (tet 12, cubic 8) new=  5 quar=15 maxF=14 [132s]
  P3 #138 P4_2/ncm  eval=  390 types= 22 (tet 17, cubic 5) new=  6 quar=17 maxF=17 [135s]
  P3 #139 I4/mmm    eval=  675 types= 18 (tet 7, cubic 11) new=  0 quar=0 maxF=14 [143s]
  P3 #140 I4/mcm    eval=  410 types= 13 (tet 11, cubic 2) new=  5 quar=0 maxF=13 [147s]
  P3 #141 I4_1/amd  eval=  410 types= 62 (tet 56, cubic 6) new= 35 quar=60 maxF=23 [154s]
  P3 #142 I4_1/acd  eval=  115 types= 32 (tet 27, cubic 5) new= 20 quar=46 maxF=23 [155s]
pass P3 complete: 29125 tasks in 155s (store 822 types, quarantines 426)
  P4 #75 P4        eval=  312 types=  3 (tet 1, cubic 2) new=  1 quar=0 maxF= 7 [1s]
  P4 #77 P4_2      eval=  208 types=  9 (tet 5, cubic 4) new=  3 quar=0 maxF=16 [1s]
  P4 #79 I4        eval=  156 types= 10 (tet 6, cubic 4) new=  3 quar=0 maxF=14 [2s]
  P4 #80 I4_1      eval=  104 types= 35 (tet 33, cubic 2) new= 23 quar=1 maxF=26 [3s]
  P4 #81 P-4       eval=  208 types= 17 (tet 11, cubic 6) new=  2 quar=0 maxF=16 [3s]
  P4 #82 I-4       eval=  104 types= 43 (tet 36, cubic 7) new= 21 quar=0 maxF=23 [4s]
  P4 #83 P4/m      eval=  156 types=  3 (tet 1, cubic 2) new=  0 quar=0 maxF= 7 [4s]
  P4 #84 P4_2/m    eval=  104 types= 29 (tet 23, cubic 6) new= 14 quar=0 maxF=16 [5s]
  P4 #85 P4/n      eval=  156 types=  9 (tet 4, cubic 5) new=  1 quar=10 maxF=14 [5s]
  P4 #86 P4_2/n    eval=  104 types= 16 (tet 12, cubic 4) new=  9 quar=34 maxF=19 [6s]
  P4 #87 I4/m      eval=   78 types= 27 (tet 19, cubic 8) new= 10 quar=0 maxF=14 [6s]
  P4 #88 I4_1/a    eval=   52 types= 29 (tet 25, cubic 4) new= 18 quar=50 maxF=20 [7s]
  P4 #89 P422      eval=  468 types=  5 (tet 3, cubic 2) new=  1 quar=0 maxF=13 [8s]
  P4 #90 P42_12    eval=  260 types= 15 (tet 8, cubic 7) new=  3 quar=0 maxF=15 [10s]
  P4 #91 P4_122    eval=  312 types= 93 (tet 87, cubic 6) new= 70 quar=0 maxF=26 [12s]
  P4 #92 P4_12_12  eval=  104 types= 91 (tet 85, cubic 6) new= 65 quar=0 maxF=29 [13s]
  P4 #93 P4_222    eval=  416 types= 36 (tet 30, cubic 6) new= 17 quar=0 maxF=22 [15s]
  P4 #94 P4_22_12  eval=  208 types= 49 (tet 42, cubic 7) new= 20 quar=0 maxF=22 [16s]
  P4 #95 P4_322    eval=  312 types= 40 (tet 37, cubic 3) new=  9 quar=62 maxF=21 [18s]
  P4 #96 P4_32_12  eval=  104 types= 46 (tet 41, cubic 5) new=  6 quar=45 maxF=22 [19s]
  P4 #97 I422      eval=  286 types= 37 (tet 28, cubic 9) new= 15 quar=0 maxF=18 [20s]
  P4 #98 I4_122    eval=  260 types=162 (tet 156, cubic 6) new=129 quar=0 maxF=35 [24s]
  P4 #99 P4mm      eval=  312 types=  2 (tet 0, cubic 2) new=  0 quar=0 maxF= 6 [24s]
  P4 #100 P4bm      eval=  208 types=  3 (tet 1, cubic 2) new=  0 quar=0 maxF= 7 [25s]
  P4 #101 P4_2cm    eval=  156 types=  7 (tet 1, cubic 6) new=  0 quar=0 maxF=14 [25s]
  P4 #102 P4_2nm    eval=  156 types= 10 (tet 4, cubic 6) new=  0 quar=0 maxF=14 [26s]
  P4 #103 P4cc      eval=  156 types=  4 (tet 2, cubic 2) new=  0 quar=0 maxF=13 [26s]
  P4 #104 P4nc      eval=  156 types= 10 (tet 6, cubic 4) new=  0 quar=0 maxF=15 [26s]
  P4 #105 P4_2mc    eval=  208 types=  7 (tet 3, cubic 4) new=  0 quar=0 maxF=14 [27s]
  P4 #106 P4_2bc    eval=  104 types=  8 (tet 5, cubic 3) new=  0 quar=0 maxF=16 [27s]
  P4 #107 I4mm      eval=  156 types= 10 (tet 3, cubic 7) new=  0 quar=0 maxF=14 [28s]
  P4 #108 I4cm      eval=  104 types=  6 (tet 4, cubic 2) new=  2 quar=0 maxF=13 [28s]
  P4 #109 I4_1md    eval=  104 types= 19 (tet 17, cubic 2) new=  6 quar=0 maxF=20 [29s]
  P4 #110 I4_1cd    eval=   52 types= 20 (tet 15, cubic 5) new= 10 quar=1 maxF=22 [30s]
  P4 #111 P-42m     eval=  364 types=  8 (tet 2, cubic 6) new=  0 quar=0 maxF=14 [31s]
  P4 #112 P-42c     eval=  312 types= 23 (tet 16, cubic 7) new=  6 quar=0 maxF=17 [32s]
  P4 #113 P-42_1m   eval=  156 types= 15 (tet 7, cubic 8) new=  0 quar=0 maxF=14 [33s]
  P4 #114 P-42_1c   eval=  104 types= 36 (tet 28, cubic 8) new= 10 quar=0 maxF=20 [34s]
  P4 #115 P-4m2     eval=  312 types= 10 (tet 4, cubic 6) new=  0 quar=0 maxF=14 [35s]
  P4 #116 P-4c2     eval=  208 types= 33 (tet 27, cubic 6) new= 13 quar=0 maxF=21 [36s]
  P4 #117 P-4b2     eval=  208 types=  8 (tet 5, cubic 3) new=  0 quar=0 maxF=16 [37s]
  P4 #118 P-4n2     eval=  208 types= 57 (tet 50, cubic 7) new= 22 quar=0 maxF=24 [38s]
  P4 #119 I-4m2     eval=  208 types= 25 (tet 16, cubic 9) new=  4 quar=0 maxF=16 [39s]
  P4 #120 I-4c2     eval=  156 types= 17 (tet 14, cubic 3) new=  7 quar=0 maxF=19 [40s]
  P4 #121 I-42m     eval=  182 types= 28 (tet 16, cubic 12) new=  4 quar=0 maxF=17 [41s]
  P4 #122 I-42d     eval=  156 types=131 (tet 126, cubic 5) new= 86 quar=0 maxF=31 [43s]
  P4 #123 P4/mmm    eval=  468 types=  2 (tet 0, cubic 2) new=  0 quar=0 maxF= 6 [44s]
  P4 #124 P4/mcc    eval=  234 types=  7 (tet 5, cubic 2) new=  0 quar=0 maxF=13 [46s]
  P4 #125 P4/nbm    eval=  260 types=  6 (tet 4, cubic 2) new=  0 quar=4 maxF=13 [47s]
  P4 #126 P4/nnc    eval=  234 types= 16 (tet 10, cubic 6) new=  2 quar=15 maxF=15 [49s]
  P4 #127 P4/mbm    eval=  208 types=  3 (tet 1, cubic 2) new=  0 quar=0 maxF= 7 [50s]
  P4 #128 P4/mnc    eval=  130 types= 24 (tet 16, cubic 8) new=  6 quar=0 maxF=15 [50s]
  P4 #129 P4/nmm    eval=  208 types= 11 (tet 3, cubic 8) new=  0 quar=5 maxF=14 [51s]
  P4 #130 P4/ncc    eval=  130 types= 14 (tet 9, cubic 5) new=  4 quar=17 maxF=17 [52s]
  P4 #131 P4_2/mmc  eval=  364 types= 14 (tet 8, cubic 6) new=  1 quar=0 maxF=14 [54s]
  P4 #132 P4_2/mcm  eval=  286 types= 13 (tet 7, cubic 6) new=  0 quar=0 maxF=14 [55s]
  P4 #133 P4_2/nbc  eval=  208 types= 11 (tet 8, cubic 3) new=  5 quar=18 maxF=19 [57s]
  P4 #134 P4_2/nnm  eval=  234 types= 26 (tet 18, cubic 8) new=  8 quar=26 maxF=19 [58s]
  P4 #135 P4_2/mbc  eval=  104 types= 17 (tet 13, cubic 4) new=  3 quar=0 maxF=16 [59s]
  P4 #136 P4_2/mnm  eval=  182 types= 24 (tet 14, cubic 10) new=  3 quar=0 maxF=14 [60s]
  P4 #137 P4_2/nmc  eval=  156 types= 20 (tet 12, cubic 8) new=  5 quar=15 maxF=14 [61s]
  P4 #138 P4_2/ncm  eval=  130 types= 22 (tet 17, cubic 5) new=  6 quar=17 maxF=17 [62s]
  P4 #139 I4/mmm    eval=  260 types= 18 (tet 7, cubic 11) new=  0 quar=0 maxF=14 [64s]
  P4 #140 I4/mcm    eval=  182 types= 13 (tet 11, cubic 2) new=  5 quar=0 maxF=13 [65s]
  P4 #141 I4_1/amd  eval=  156 types= 63 (tet 57, cubic 6) new= 35 quar=60 maxF=23 [67s]
  P4 #142 I4_1/acd  eval=  130 types= 32 (tet 27, cubic 5) new= 20 quar=46 maxF=23 [69s]
pass P4 complete: 13182 tasks in 69s (store 824 types, quarantines 426)
P5: 4086 orbits with at least one code transition
  P5 #76 P4_1      eval=   52 types= 25 (tet 20, cubic 5) new= 14 quar=0 maxF=24 [3s]
  P5 #77 P4_2      eval=  110 types=  9 (tet 5, cubic 4) new=  3 quar=0 maxF=16 [3s]
  P5 #78 P4_3      eval=   52 types= 25 (tet 20, cubic 5) new=  0 quar=0 maxF=24 [4s]
  P5 #79 I4        eval=  104 types= 10 (tet 6, cubic 4) new=  3 quar=0 maxF=14 [4s]
  P5 #80 I4_1      eval=  436 types= 42 (tet 40, cubic 2) new= 30 quar=1 maxF=26 [7s]
  P5 #81 P-4       eval=  121 types= 17 (tet 11, cubic 6) new=  2 quar=0 maxF=16 [7s]
  P5 #82 I-4       eval=  147 types= 45 (tet 38, cubic 7) new= 22 quar=0 maxF=23 [9s]
  P5 #84 P4_2/m    eval= 1059 types= 29 (tet 23, cubic 6) new= 14 quar=0 maxF=16 [15s]
  P5 #85 P4/n      eval=  120 types=  9 (tet 4, cubic 5) new=  1 quar=10 maxF=14 [16s]
  P5 #86 P4_2/n    eval=  160 types= 23 (tet 19, cubic 4) new= 16 quar=34 maxF=19 [20s]
  P5 #87 I4/m      eval=  424 types= 27 (tet 19, cubic 8) new= 10 quar=0 maxF=14 [21s]
  P5 #88 I4_1/a    eval=  228 types= 37 (tet 33, cubic 4) new= 26 quar=50 maxF=21 [27s]
  P5 #89 P422      eval=    4 types=  5 (tet 3, cubic 2) new=  1 quar=0 maxF=13 [27s]
  P5 #90 P42_12    eval=  116 types= 15 (tet 8, cubic 7) new=  3 quar=0 maxF=15 [27s]
  P5 #91 P4_122    eval=  851 types= 93 (tet 87, cubic 6) new= 70 quar=0 maxF=26 [31s]
  P5 #92 P4_12_12  eval=  480 types= 97 (tet 91, cubic 6) new= 70 quar=0 maxF=29 [36s]
  P5 #93 P4_222    eval=  361 types= 37 (tet 31, cubic 6) new= 18 quar=0 maxF=22 [39s]
  P5 #94 P4_22_12  eval=  302 types= 50 (tet 43, cubic 7) new= 21 quar=0 maxF=22 [41s]
  P5 #95 P4_322    eval=  852 types= 44 (tet 40, cubic 4) new= 10 quar=62 maxF=22 [46s]
  P5 #96 P4_32_12  eval=  480 types= 57 (tet 52, cubic 5) new= 11 quar=45 maxF=24 [50s]
  P5 #97 I422      eval=  239 types= 37 (tet 28, cubic 9) new= 15 quar=0 maxF=18 [52s]
  P5 #98 I4_122    eval=  812 types=170 (tet 164, cubic 6) new=137 quar=0 maxF=35 [64s]
  P5 #101 P4_2cm    eval=  520 types=  7 (tet 1, cubic 6) new=  0 quar=0 maxF=14 [64s]
  P5 #102 P4_2nm    eval= 1004 types= 10 (tet 4, cubic 6) new=  0 quar=0 maxF=14 [70s]
  P5 #103 P4cc      eval=    4 types=  4 (tet 2, cubic 2) new=  0 quar=0 maxF=13 [70s]
  P5 #104 P4nc      eval=  100 types= 10 (tet 6, cubic 4) new=  0 quar=0 maxF=15 [70s]
  P5 #105 P4_2mc    eval= 1124 types=  7 (tet 3, cubic 4) new=  0 quar=0 maxF=14 [75s]
  P5 #106 P4_2bc    eval=    4 types=  8 (tet 5, cubic 3) new=  0 quar=0 maxF=16 [75s]
  P5 #107 I4mm      eval=  868 types= 10 (tet 3, cubic 7) new=  0 quar=0 maxF=14 [80s]
  P5 #108 I4cm      eval=  196 types=  6 (tet 4, cubic 2) new=  2 quar=0 maxF=13 [82s]
  P5 #109 I4_1md    eval= 2211 types= 19 (tet 17, cubic 2) new=  6 quar=0 maxF=20 [101s]
  P5 #110 I4_1cd    eval=  140 types= 24 (tet 19, cubic 5) new= 13 quar=1 maxF=22 [105s]
  P5 #111 P-42m     eval=  504 types=  8 (tet 2, cubic 6) new=  0 quar=0 maxF=14 [105s]
  P5 #112 P-42c     eval=  256 types= 23 (tet 16, cubic 7) new=  6 quar=0 maxF=17 [107s]
  P5 #113 P-42_1m   eval=  846 types= 15 (tet 7, cubic 8) new=  0 quar=0 maxF=14 [110s]
  P5 #114 P-42_1c   eval=  127 types= 36 (tet 28, cubic 8) new= 10 quar=0 maxF=20 [112s]
  P5 #115 P-4m2     eval=  944 types= 10 (tet 4, cubic 6) new=  0 quar=0 maxF=14 [115s]
  P5 #116 P-4c2     eval=  173 types= 34 (tet 28, cubic 6) new= 14 quar=0 maxF=21 [118s]
  P5 #117 P-4b2     eval=    4 types=  8 (tet 5, cubic 3) new=  0 quar=0 maxF=16 [118s]
  P5 #118 P-4n2     eval=  312 types= 59 (tet 52, cubic 7) new= 24 quar=0 maxF=24 [119s]
  P5 #119 I-4m2     eval= 1464 types= 25 (tet 16, cubic 9) new=  4 quar=0 maxF=16 [129s]
  P5 #120 I-4c2     eval=   72 types= 17 (tet 14, cubic 3) new=  7 quar=0 maxF=19 [131s]
  P5 #121 I-42m     eval=  764 types= 28 (tet 16, cubic 12) new=  4 quar=0 maxF=17 [136s]
  P5 #122 I-42d     eval=  520 types=136 (tet 131, cubic 5) new= 91 quar=0 maxF=31 [143s]
  P5 #124 P4/mcc    eval=  108 types=  7 (tet 5, cubic 2) new=  0 quar=0 maxF=13 [143s]
  P5 #125 P4/nbm    eval=  172 types=  6 (tet 4, cubic 2) new=  0 quar=4 maxF=13 [143s]
  P5 #126 P4/nnc    eval=  208 types= 16 (tet 10, cubic 6) new=  2 quar=15 maxF=15 [144s]
  P5 #128 P4/mnc    eval=  339 types= 24 (tet 16, cubic 8) new=  6 quar=0 maxF=15 [147s]
  P5 #129 P4/nmm    eval=  704 types= 11 (tet 3, cubic 8) new=  0 quar=5 maxF=14 [150s]
  P5 #130 P4/ncc    eval=   83 types= 14 (tet 9, cubic 5) new=  4 quar=17 maxF=17 [152s]
  P5 #131 P4_2/mmc  eval=  816 types= 14 (tet 8, cubic 6) new=  1 quar=0 maxF=14 [155s]
  P5 #132 P4_2/mcm  eval=  456 types= 13 (tet 7, cubic 6) new=  0 quar=0 maxF=14 [158s]
  P5 #133 P4_2/nbc  eval=  117 types= 12 (tet 9, cubic 3) new=  5 quar=18 maxF=19 [161s]
  [checkpoint  phase2_types.json: 884 types, 142697 records, 3.6s]
  P5 #134 P4_2/nnm  eval=  911 types= 27 (tet 19, cubic 8) new=  9 quar=26 maxF=19 [168s]
  P5 #135 P4_2/mbc  eval=  195 types= 17 (tet 13, cubic 4) new=  3 quar=0 maxF=16 [169s]
  P5 #136 P4_2/mnm  eval=  900 types= 24 (tet 14, cubic 10) new=  3 quar=0 maxF=14 [175s]
  P5 #137 P4_2/nmc  eval= 1380 types= 20 (tet 12, cubic 8) new=  5 quar=15 maxF=14 [185s]
  P5 #138 P4_2/ncm  eval=  789 types= 22 (tet 17, cubic 5) new=  6 quar=17 maxF=17 [192s]
  P5 #139 I4/mmm    eval=  560 types= 18 (tet 7, cubic 11) new=  0 quar=0 maxF=14 [195s]
  P5 #140 I4/mcm    eval=  148 types= 13 (tet 11, cubic 2) new=  5 quar=0 maxF=13 [197s]
  P5 #141 I4_1/amd  eval= 1294 types= 65 (tet 59, cubic 6) new= 37 quar=60 maxF=23 [218s]
  P5 #142 I4_1/acd  eval=  296 types= 36 (tet 31, cubic 5) new= 24 quar=46 maxF=23 [224s]
pass P5 complete: 4086 tasks in 224s (store 891 types, quarantines 426)

DONE in 965s: 148816 candidates evaluated (0 skipped), 891 types in store (102 cubic store + 789 tetragonal, not matched against catalog snapshot of 2026-09-03), max stored facets 35, 426 quarantines, budget_hit=False
  [checkpoint FINAL phase2_types.json: 891 types, 148838 records, 2.3s]
wrote PHASE2_RESULT.md
exit 0
